// Jest Snapshot v1, https://goo.gl/fbAQLP

exports[`Check if forms renders correctly 1`] = `null`;
